// Jest Snapshot v1, https://goo.gl/fbAQLP

exports[`Renders correctly with default data 1`] = `
<div>
  <div
    className="MuiPaper-root-2 MuiPaper-elevation2-6 MuiPaper-rounded-3 MuiCard-root-1"
  >
    <div
      className="MuiCardContent-root-29"
    >
      <h3
        className="MuiTypography-root-30 MuiTypography-headline-35"
      >
        The wit makes fun of other persons the satirist makes fun of the world the humorist makes fun of himself, but in so doing, he identifies himself with people - that is, people everywhere, not for the purpose of taking them apart, but simply revealing their true nature
      </h3>
      <p
        className="MuiTypography-root-30 MuiTypography-body1-39"
      >
        James Thurber
      </p>
    </div>
    <div
      className="MuiCardActions-root-54"
    >
      <button
        className="MuiButtonBase-root-72 MuiButton-root-56 MuiButton-sizeSmall-69 MuiCardActions-action-55 sc-bdVaJa bHCexJ"
        disabled={false}
        onBlur={[Function]}
        onClick={[Function]}
        onFocus={[Function]}
        onKeyDown={[Function]}
        onKeyUp={[Function]}
        onMouseDown={[Function]}
        onMouseLeave={[Function]}
        onMouseUp={[Function]}
        onTouchEnd={[Function]}
        onTouchMove={[Function]}
        onTouchStart={[Function]}
        tabIndex="0"
        type="button"
      >
        <span
          className="MuiButton-label-57"
        >
          Get Quote 
          <svg
            aria-hidden="true"
            className="MuiSvgIcon-root-75"
            color={undefined}
            focusable="false"
            viewBox="0 0 24 24"
          >
            <g>
              <path
                d="M6 17h3l2-4V7H5v6h3zm8 0h3l2-4V7h-6v6h3z"
              />
            </g>
          </svg>
        </span>
        <span
          className="MuiTouchRipple-root-81"
        />
      </button>
    </div>
  </div>
</div>
`;
